# serializer version: 1
# name: test_ingestion_contract
  dict({
    'frames': dict({
      'SYN-01': dict({
        'columns': dict({
          'c3': 'float64',
          'c4': 'float64',
          'distance': 'float64',
          'f3': 'float64',
          'f4': 'float64',
          'fix_x': 'float64',
          'fix_x__100ms': 'float64',
          'fix_x__150ms': 'float64',
          'fix_x__250ms': 'float64',
          'fix_x__300ms': 'float64',
          'fix_y': 'float64',
          'fix_y__100ms': 'float64',
          'fix_y__150ms': 'float64',
          'fix_y__250ms': 'float64',
          'fix_y__300ms': 'float64',
          'fixation_coordinate_space': 'object',
          'fixation_coordinate_unit': 'object',
          'fixation_detector_sample_count': 'int64',
          'fixation_detector_sample_count__100ms': 'int64',
          'fixation_detector_sample_count__150ms': 'int64',
          'fixation_detector_sample_count__250ms': 'int64',
          'fixation_detector_sample_count__300ms': 'int64',
          'fixation_detector_version': 'object',
          'fixation_effective_rate_hz': 'float64',
          'fixation_id': 'Int64',
          'fixation_id__100ms': 'Int64',
          'fixation_id__150ms': 'Int64',
          'fixation_id__250ms': 'Int64',
          'fixation_id__300ms': 'Int64',
          'fixation_method': 'object',
          'fixation_min_duration_ms': 'int64',
          'fixation_segment_id': 'Int64',
          'fixation_source': 'object',
          'fixation_source_row_count': 'int64',
          'fixation_source_row_count__100ms': 'int64',
          'fixation_source_row_count__150ms': 'int64',
          'fixation_source_row_count__250ms': 'int64',
          'fixation_source_row_count__300ms': 'int64',
          'fixation_warnings': 'object',
          'gaze_input_unit_resolved': 'object',
          'gaze_invalid_reason': 'string',
          'gaze_x_screen_px': 'float64',
          'gaze_x_stimulus_norm': 'float64',
          'gaze_y_screen_px': 'float64',
          'gaze_y_stimulus_norm': 'float64',
          'gsr': 'float64',
          'gx': 'float64',
          'gy': 'float64',
          'is_in_stimulus': 'boolean',
          'is_in_viewport': 'boolean',
          'is_valid_gaze': 'bool',
          'le': 'float64',
          'lx_pupil': 'float64',
          'method': 'object',
          'p3': 'float64',
          'p4': 'float64',
          'rx_pupil': 'float64',
          'scenario': 'object',
          'screen_height_px': 'float64',
          'screen_width_px': 'float64',
          'segment_id': 'Int64',
          'stimulus_display_height_px': 'float64',
          'stimulus_display_width_px': 'float64',
          'stimulus_transform_fingerprint': 'string',
          'stimulus_transform_status': 'object',
          'stimulus_transform_version': 'string',
          'time': 'float64',
          'version': 'object',
        }),
        'rows': 1600,
        'scenarios': list([
          'stimulus-a',
          'stimulus-b',
        ]),
      }),
      'SYN-02': dict({
        'columns': dict({
          'c3': 'float64',
          'c4': 'float64',
          'distance': 'float64',
          'f3': 'float64',
          'f4': 'float64',
          'fix_x': 'float64',
          'fix_x__100ms': 'float64',
          'fix_x__150ms': 'float64',
          'fix_x__250ms': 'float64',
          'fix_x__300ms': 'float64',
          'fix_y': 'float64',
          'fix_y__100ms': 'float64',
          'fix_y__150ms': 'float64',
          'fix_y__250ms': 'float64',
          'fix_y__300ms': 'float64',
          'fixation_coordinate_space': 'object',
          'fixation_coordinate_unit': 'object',
          'fixation_detector_sample_count': 'int64',
          'fixation_detector_sample_count__100ms': 'int64',
          'fixation_detector_sample_count__150ms': 'int64',
          'fixation_detector_sample_count__250ms': 'int64',
          'fixation_detector_sample_count__300ms': 'int64',
          'fixation_detector_version': 'object',
          'fixation_effective_rate_hz': 'float64',
          'fixation_id': 'Int64',
          'fixation_id__100ms': 'Int64',
          'fixation_id__150ms': 'Int64',
          'fixation_id__250ms': 'Int64',
          'fixation_id__300ms': 'Int64',
          'fixation_method': 'object',
          'fixation_min_duration_ms': 'int64',
          'fixation_segment_id': 'Int64',
          'fixation_source': 'object',
          'fixation_source_row_count': 'int64',
          'fixation_source_row_count__100ms': 'int64',
          'fixation_source_row_count__150ms': 'int64',
          'fixation_source_row_count__250ms': 'int64',
          'fixation_source_row_count__300ms': 'int64',
          'fixation_warnings': 'object',
          'gaze_input_unit_resolved': 'object',
          'gaze_invalid_reason': 'string',
          'gaze_x_screen_px': 'float64',
          'gaze_x_stimulus_norm': 'float64',
          'gaze_y_screen_px': 'float64',
          'gaze_y_stimulus_norm': 'float64',
          'gsr': 'float64',
          'gx': 'float64',
          'gy': 'float64',
          'is_in_stimulus': 'boolean',
          'is_in_viewport': 'boolean',
          'is_valid_gaze': 'bool',
          'le': 'float64',
          'lx_pupil': 'float64',
          'method': 'object',
          'p3': 'float64',
          'p4': 'float64',
          'rx_pupil': 'float64',
          'scenario': 'object',
          'screen_height_px': 'float64',
          'screen_width_px': 'float64',
          'segment_id': 'Int64',
          'stimulus_display_height_px': 'float64',
          'stimulus_display_width_px': 'float64',
          'stimulus_transform_fingerprint': 'string',
          'stimulus_transform_status': 'object',
          'stimulus_transform_version': 'string',
          'time': 'float64',
          'version': 'object',
        }),
        'rows': 1600,
        'scenarios': list([
          'stimulus-a',
          'stimulus-b',
        ]),
      }),
    }),
    'participants': list([
      'SYN-01',
      'SYN-02',
    ]),
    'sensors': list([
      'EEG',
      'GSR',
      'EyeTracker',
    ]),
  })
# ---
